// Jest Snapshot v1, https://goo.gl/fbAQLP

exports[`NavLink renders correctly 1`] = `
<a
  className="m-l-10 link"
  href="/"
>
  test
</a>
`;
